

TypeError: Cannot call method 'getBanlistTable' of undefined
    at Validator.validateTeam (/Users/Lukas/Desktop/SparkServer/team-validator.js:195:9)
    at process.<anonymous> (/Users/Lukas/Desktop/SparkServer/team-validator.js:171:37)
    at process.EventEmitter.emit (events.js:98:17)
    at handleMessage (child_process.js:322:10)
    at Pipe.channel.onread (child_process.js:349:11)

TypeError: Cannot call method 'getBanlistTable' of undefined
    at Validator.validateTeam (/Users/Lukas/Desktop/SparkServer/team-validator.js:195:9)
    at process.<anonymous> (/Users/Lukas/Desktop/SparkServer/team-validator.js:171:37)
    at process.EventEmitter.emit (events.js:98:17)
    at handleMessage (child_process.js:322:10)
    at Pipe.channel.onread (child_process.js:349:11)

TypeError: Cannot call method 'getBanlistTable' of undefined
    at Validator.validateTeam (/Users/Lukas/Desktop/SparkServer/team-validator.js:195:9)
    at process.<anonymous> (/Users/Lukas/Desktop/SparkServer/team-validator.js:171:37)
    at process.EventEmitter.emit (events.js:98:17)
    at handleMessage (child_process.js:322:10)
    at Pipe.channel.onread (child_process.js:349:11)

SyntaxError: Unexpected token ;
    at Module._compile (module.js:439:25)
    at Object.Module._extensions..js (module.js:474:10)
    at Module.load (module.js:356:32)
    at Function.Module._load (module.js:312:12)
    at Module.require (module.js:364:17)
    at require (module.js:380:17)
    at Object.<anonymous> (/Users/Lukas/Desktop/SparkServer/app.js:414:24)
    at Module._compile (module.js:456:26)
    at Object.Module._extensions..js (module.js:474:10)
    at Module.load (module.js:356:32)

ReferenceError: TeamValidator is not defined
    at User.prepBattle (/Users/Lukas/Desktop/SparkServer/users.js:1166:3)
    at Object.exports.commands.challenge (/Users/Lukas/Desktop/SparkServer/commands.js:1610:8)
    at Object.exports.parse (/Users/Lukas/Desktop/SparkServer/command-parser.js:215:31)
    at ChatRoom.chat (/Users/Lukas/Desktop/SparkServer/rooms.js:1495:27)
    at User.processChatQueue (/Users/Lukas/Desktop/SparkServer/users.js:1315:13)
    at Timer.listOnTimeout [as ontimeout] (timers.js:110:15)

SyntaxError: Unexpected token ;
    at Module._compile (module.js:439:25)
    at Object.Module._extensions..js (module.js:474:10)
    at Module.load (module.js:356:32)
    at Function.Module._load (module.js:312:12)
    at Module.require (module.js:364:17)
    at require (module.js:380:17)
    at Object.<anonymous> (/Users/Lukas/Desktop/SparkServer/app.js:414:24)
    at Module._compile (module.js:456:26)
    at Object.Module._extensions..js (module.js:474:10)
    at Module.load (module.js:356:32)

ReferenceError: TeamValidator is not defined
    at User.prepBattle (/Users/Lukas/Desktop/SparkServer/users.js:1166:3)
    at Object.exports.commands.challenge (/Users/Lukas/Desktop/SparkServer/commands.js:1610:8)
    at Object.exports.parse (/Users/Lukas/Desktop/SparkServer/command-parser.js:215:31)
    at ChatRoom.chat (/Users/Lukas/Desktop/SparkServer/rooms.js:1495:27)
    at User.processChatQueue (/Users/Lukas/Desktop/SparkServer/users.js:1315:13)
    at Timer.listOnTimeout [as ontimeout] (timers.js:110:15)

SyntaxError: Unexpected token ;
    at Module._compile (module.js:439:25)
    at Object.Module._extensions..js (module.js:474:10)
    at Module.load (module.js:356:32)
    at Function.Module._load (module.js:312:12)
    at Module.require (module.js:364:17)
    at require (module.js:380:17)
    at Object.<anonymous> (/Users/Lukas/Desktop/SparkServer/app.js:414:24)
    at Module._compile (module.js:456:26)
    at Object.Module._extensions..js (module.js:474:10)
    at Module.load (module.js:356:32)

SyntaxError: Unexpected token ;
    at Module._compile (module.js:439:25)
    at Object.Module._extensions..js (module.js:474:10)
    at Module.load (module.js:356:32)
    at Function.Module._load (module.js:312:12)
    at Module.require (module.js:364:17)
    at require (module.js:380:17)
    at Object.<anonymous> (/Users/Lukas/Desktop/SparkServer/app.js:414:24)
    at Module._compile (module.js:456:26)
    at Object.Module._extensions..js (module.js:474:10)
    at Module.load (module.js:356:32)

SyntaxError: Unexpected token ;
    at Module._compile (module.js:439:25)
    at Object.Module._extensions..js (module.js:474:10)
    at Module.load (module.js:356:32)
    at Function.Module._load (module.js:312:12)
    at Module.require (module.js:364:17)
    at require (module.js:380:17)
    at Object.<anonymous> (/Users/Lukas/Desktop/SparkServer/app.js:414:24)
    at Module._compile (module.js:456:26)
    at Object.Module._extensions..js (module.js:474:10)
    at Module.load (module.js:356:32)

SyntaxError: Unexpected token return
    at Module._compile (module.js:439:25)
    at Object.Module._extensions..js (module.js:474:10)
    at Module.load (module.js:356:32)
    at Function.Module._load (module.js:312:12)
    at Module.require (module.js:364:17)
    at require (module.js:380:17)
    at Object.<anonymous> (/Users/Lukas/Desktop/SparkServer/app.js:414:24)
    at Module._compile (module.js:456:26)
    at Object.Module._extensions..js (module.js:474:10)
    at Module.load (module.js:356:32)

TypeError: Object #<Tools> has no method 'escapeHTML'
    at Object.exports.commands.declare (/Users/Lukas/Desktop/SparkServer/commands.js:850:59)
    at Object.exports.parse (/Users/Lukas/Desktop/SparkServer/command-parser.js:215:31)
    at ChatRoom.chat (/Users/Lukas/Desktop/SparkServer/rooms.js:1495:27)
    at User.chat (/Users/Lukas/Desktop/SparkServer/users.js:1299:9)
    at Object.socketReceive (/Users/Lukas/Desktop/SparkServer/users.js:211:12)
    at EventEmitter.<anonymous> (/Users/Lukas/Desktop/SparkServer/sockets.js:47:11)
    at EventEmitter.emit (events.js:95:17)
    at processImmediate [as _immediateCallback] (timers.js:336:15)

TypeError: Object #<Tools> has no method 'escapeHTML'
    at Object.exports.commands.declare (/Users/Lukas/Desktop/SparkServer/commands.js:850:59)
    at Object.exports.parse (/Users/Lukas/Desktop/SparkServer/command-parser.js:215:31)
    at ChatRoom.chat (/Users/Lukas/Desktop/SparkServer/rooms.js:1495:27)
    at User.chat (/Users/Lukas/Desktop/SparkServer/users.js:1299:9)
    at Object.socketReceive (/Users/Lukas/Desktop/SparkServer/users.js:211:12)
    at EventEmitter.<anonymous> (/Users/Lukas/Desktop/SparkServer/sockets.js:47:11)
    at EventEmitter.emit (events.js:95:17)
    at processImmediate [as _immediateCallback] (timers.js:336:15)

TypeError: Object #<Tools> has no method 'escapeHTML'
    at Object.exports.commands.declare (/Users/Lukas/Desktop/SparkServer/commands.js:850:59)
    at Object.exports.parse (/Users/Lukas/Desktop/SparkServer/command-parser.js:215:31)
    at ChatRoom.chat (/Users/Lukas/Desktop/SparkServer/rooms.js:1495:27)
    at User.chat (/Users/Lukas/Desktop/SparkServer/users.js:1299:9)
    at Object.socketReceive (/Users/Lukas/Desktop/SparkServer/users.js:211:12)
    at EventEmitter.<anonymous> (/Users/Lukas/Desktop/SparkServer/sockets.js:47:11)
    at EventEmitter.emit (events.js:95:17)
    at processImmediate [as _immediateCallback] (timers.js:336:15)

TypeError: Object #<Tools> has no method 'escapeHTML'
    at Object.exports.commands.declare (/Users/Lukas/Desktop/SparkServer/commands.js:850:59)
    at Object.exports.parse (/Users/Lukas/Desktop/SparkServer/command-parser.js:215:31)
    at ChatRoom.chat (/Users/Lukas/Desktop/SparkServer/rooms.js:1495:27)
    at User.chat (/Users/Lukas/Desktop/SparkServer/users.js:1299:9)
    at Object.socketReceive (/Users/Lukas/Desktop/SparkServer/users.js:211:12)
    at EventEmitter.<anonymous> (/Users/Lukas/Desktop/SparkServer/sockets.js:47:11)
    at EventEmitter.emit (events.js:95:17)
    at processImmediate [as _immediateCallback] (timers.js:336:15)

TypeError: Object #<Tools> has no method 'escapeHTML'
    at Object.exports.commands.declare (/Users/Lukas/Desktop/SparkServer/commands.js:850:59)
    at Object.exports.parse (/Users/Lukas/Desktop/SparkServer/command-parser.js:215:31)
    at ChatRoom.chat (/Users/Lukas/Desktop/SparkServer/rooms.js:1495:27)
    at User.chat (/Users/Lukas/Desktop/SparkServer/users.js:1299:9)
    at Object.socketReceive (/Users/Lukas/Desktop/SparkServer/users.js:211:12)
    at EventEmitter.<anonymous> (/Users/Lukas/Desktop/SparkServer/sockets.js:47:11)
    at EventEmitter.emit (events.js:95:17)
    at processImmediate [as _immediateCallback] (timers.js:336:15)

TypeError: Object #<Tools> has no method 'escapeHTML'
    at Object.exports.commands.declare (/Users/Lukas/Desktop/SparkServer/commands.js:850:59)
    at Object.exports.parse (/Users/Lukas/Desktop/SparkServer/command-parser.js:215:31)
    at ChatRoom.chat (/Users/Lukas/Desktop/SparkServer/rooms.js:1495:27)
    at User.chat (/Users/Lukas/Desktop/SparkServer/users.js:1299:9)
    at Object.socketReceive (/Users/Lukas/Desktop/SparkServer/users.js:211:12)
    at EventEmitter.<anonymous> (/Users/Lukas/Desktop/SparkServer/sockets.js:47:11)
    at EventEmitter.emit (events.js:95:17)
    at processImmediate [as _immediateCallback] (timers.js:336:15)

TypeError: Object #<Tools> has no method 'escapeHTML'
    at Object.exports.commands.declare (/Users/Lukas/Desktop/SparkServer/commands.js:850:59)
    at Object.exports.parse (/Users/Lukas/Desktop/SparkServer/command-parser.js:215:31)
    at ChatRoom.chat (/Users/Lukas/Desktop/SparkServer/rooms.js:1495:27)
    at User.chat (/Users/Lukas/Desktop/SparkServer/users.js:1299:9)
    at Object.socketReceive (/Users/Lukas/Desktop/SparkServer/users.js:211:12)
    at EventEmitter.<anonymous> (/Users/Lukas/Desktop/SparkServer/sockets.js:47:11)
    at EventEmitter.emit (events.js:95:17)
    at processImmediate [as _immediateCallback] (timers.js:336:15)

ReferenceError: toUserid is not defined
    at Object.exports.commands.forcerenameto (/Users/Lukas/Desktop/SparkServer/commands.js:928:43)
    at Object.exports.parse (/Users/Lukas/Desktop/SparkServer/command-parser.js:215:31)
    at ChatRoom.chat (/Users/Lukas/Desktop/SparkServer/rooms.js:1495:27)
    at User.chat (/Users/Lukas/Desktop/SparkServer/users.js:1299:9)
    at Object.socketReceive (/Users/Lukas/Desktop/SparkServer/users.js:211:12)
    at EventEmitter.<anonymous> (/Users/Lukas/Desktop/SparkServer/sockets.js:47:11)
    at EventEmitter.emit (events.js:95:17)
    at processImmediate [as _immediateCallback] (timers.js:336:15)

ReferenceError: toUserid is not defined
    at Object.exports.commands.forcerenameto (/Users/Lukas/Desktop/SparkServer/commands.js:928:43)
    at Object.exports.parse (/Users/Lukas/Desktop/SparkServer/command-parser.js:215:31)
    at ChatRoom.chat (/Users/Lukas/Desktop/SparkServer/rooms.js:1495:27)
    at User.chat (/Users/Lukas/Desktop/SparkServer/users.js:1299:9)
    at Object.socketReceive (/Users/Lukas/Desktop/SparkServer/users.js:211:12)
    at EventEmitter.<anonymous> (/Users/Lukas/Desktop/SparkServer/sockets.js:47:11)
    at EventEmitter.emit (events.js:95:17)
    at processImmediate [as _immediateCallback] (timers.js:336:15)

ReferenceError: toUserid is not defined
    at Object.exports.commands.forcerenameto (/Users/Lukas/Desktop/SparkServer/commands.js:928:43)
    at Object.exports.parse (/Users/Lukas/Desktop/SparkServer/command-parser.js:215:31)
    at ChatRoom.chat (/Users/Lukas/Desktop/SparkServer/rooms.js:1495:27)
    at User.chat (/Users/Lukas/Desktop/SparkServer/users.js:1299:9)
    at Object.socketReceive (/Users/Lukas/Desktop/SparkServer/users.js:211:12)
    at EventEmitter.<anonymous> (/Users/Lukas/Desktop/SparkServer/sockets.js:47:11)
    at EventEmitter.emit (events.js:95:17)
    at processImmediate [as _immediateCallback] (timers.js:336:15)

ReferenceError: toUserid is not defined
    at Object.exports.commands.forcerenameto (/Users/Lukas/Desktop/SparkServer/commands.js:928:43)
    at Object.exports.parse (/Users/Lukas/Desktop/SparkServer/command-parser.js:215:31)
    at ChatRoom.chat (/Users/Lukas/Desktop/SparkServer/rooms.js:1495:27)
    at User.chat (/Users/Lukas/Desktop/SparkServer/users.js:1299:9)
    at Object.socketReceive (/Users/Lukas/Desktop/SparkServer/users.js:211:12)
    at EventEmitter.<anonymous> (/Users/Lukas/Desktop/SparkServer/sockets.js:47:11)
    at EventEmitter.emit (events.js:95:17)
    at processImmediate [as _immediateCallback] (timers.js:336:15)

ReferenceError: toUserid is not defined
    at Object.exports.commands.forcerenameto (/Users/Lukas/Desktop/SparkServer/commands.js:928:43)
    at Object.exports.parse (/Users/Lukas/Desktop/SparkServer/command-parser.js:215:31)
    at ChatRoom.chat (/Users/Lukas/Desktop/SparkServer/rooms.js:1495:27)
    at User.chat (/Users/Lukas/Desktop/SparkServer/users.js:1299:9)
    at Object.socketReceive (/Users/Lukas/Desktop/SparkServer/users.js:211:12)
    at EventEmitter.<anonymous> (/Users/Lukas/Desktop/SparkServer/sockets.js:47:11)
    at EventEmitter.emit (events.js:95:17)
    at processImmediate [as _immediateCallback] (timers.js:336:15)

ReferenceError: toUserid is not defined
    at Object.exports.commands.forcerenameto (/Users/Lukas/Desktop/SparkServer/commands.js:928:43)
    at Object.exports.parse (/Users/Lukas/Desktop/SparkServer/command-parser.js:215:31)
    at ChatRoom.chat (/Users/Lukas/Desktop/SparkServer/rooms.js:1495:27)
    at User.chat (/Users/Lukas/Desktop/SparkServer/users.js:1299:9)
    at Object.socketReceive (/Users/Lukas/Desktop/SparkServer/users.js:211:12)
    at EventEmitter.<anonymous> (/Users/Lukas/Desktop/SparkServer/sockets.js:47:11)
    at EventEmitter.emit (events.js:95:17)
    at processImmediate [as _immediateCallback] (timers.js:336:15)

ReferenceError: toUserid is not defined
    at Object.exports.commands.forcerenameto (/Users/Lukas/Desktop/SparkServer/commands.js:928:43)
    at Object.exports.parse (/Users/Lukas/Desktop/SparkServer/command-parser.js:215:31)
    at ChatRoom.chat (/Users/Lukas/Desktop/SparkServer/rooms.js:1495:27)
    at User.chat (/Users/Lukas/Desktop/SparkServer/users.js:1299:9)
    at Object.socketReceive (/Users/Lukas/Desktop/SparkServer/users.js:211:12)
    at EventEmitter.<anonymous> (/Users/Lukas/Desktop/SparkServer/sockets.js:47:11)
    at EventEmitter.emit (events.js:95:17)
    at processImmediate [as _immediateCallback] (timers.js:336:15)

ReferenceError: splitTarget is not defined
    at Object.exports.commands.forcerenameto (/Users/Lukas/Desktop/SparkServer/commands.js:918:17)
    at Object.exports.parse (/Users/Lukas/Desktop/SparkServer/command-parser.js:215:31)
    at ChatRoom.chat (/Users/Lukas/Desktop/SparkServer/rooms.js:1495:27)
    at User.chat (/Users/Lukas/Desktop/SparkServer/users.js:1299:9)
    at Object.socketReceive (/Users/Lukas/Desktop/SparkServer/users.js:211:12)
    at EventEmitter.<anonymous> (/Users/Lukas/Desktop/SparkServer/sockets.js:47:11)
    at EventEmitter.emit (events.js:95:17)
    at processImmediate [as _immediateCallback] (timers.js:336:15)

ReferenceError: socket is not defined
    at Object.exports.commands.forcerenameto (/Users/Lukas/Desktop/SparkServer/commands.js:925:9)
    at Object.exports.parse (/Users/Lukas/Desktop/SparkServer/command-parser.js:215:31)
    at ChatRoom.chat (/Users/Lukas/Desktop/SparkServer/rooms.js:1495:27)
    at User.chat (/Users/Lukas/Desktop/SparkServer/users.js:1299:9)
    at Object.socketReceive (/Users/Lukas/Desktop/SparkServer/users.js:211:12)
    at EventEmitter.<anonymous> (/Users/Lukas/Desktop/SparkServer/sockets.js:47:11)
    at EventEmitter.emit (events.js:95:17)
    at processImmediate [as _immediateCallback] (timers.js:336:15)

ReferenceError: socket is not defined
    at Object.exports.commands.forcerenameto (/Users/Lukas/Desktop/SparkServer/commands.js:925:9)
    at Object.exports.parse (/Users/Lukas/Desktop/SparkServer/command-parser.js:215:31)
    at ChatRoom.chat (/Users/Lukas/Desktop/SparkServer/rooms.js:1495:27)
    at User.chat (/Users/Lukas/Desktop/SparkServer/users.js:1299:9)
    at Object.socketReceive (/Users/Lukas/Desktop/SparkServer/users.js:211:12)
    at EventEmitter.<anonymous> (/Users/Lukas/Desktop/SparkServer/sockets.js:47:11)
    at EventEmitter.emit (events.js:95:17)
    at processImmediate [as _immediateCallback] (timers.js:336:15)

ReferenceError: cmd is not defined
    at Object.exports.commands.forcerenameto (/Users/Lukas/Desktop/SparkServer/commands.js:917:61)
    at Object.exports.parse (/Users/Lukas/Desktop/SparkServer/command-parser.js:215:31)
    at ChatRoom.chat (/Users/Lukas/Desktop/SparkServer/rooms.js:1495:27)
    at User.chat (/Users/Lukas/Desktop/SparkServer/users.js:1299:9)
    at Object.socketReceive (/Users/Lukas/Desktop/SparkServer/users.js:211:12)
    at EventEmitter.<anonymous> (/Users/Lukas/Desktop/SparkServer/sockets.js:47:11)
    at EventEmitter.emit (events.js:95:17)
    at processImmediate [as _immediateCallback] (timers.js:336:15)

ReferenceError: cmd is not defined
    at Object.exports.commands.forcerenameto (/Users/Lukas/Desktop/SparkServer/commands.js:917:61)
    at Object.exports.parse (/Users/Lukas/Desktop/SparkServer/command-parser.js:215:31)
    at ChatRoom.chat (/Users/Lukas/Desktop/SparkServer/rooms.js:1495:27)
    at User.chat (/Users/Lukas/Desktop/SparkServer/users.js:1299:9)
    at Object.socketReceive (/Users/Lukas/Desktop/SparkServer/users.js:211:12)
    at EventEmitter.<anonymous> (/Users/Lukas/Desktop/SparkServer/sockets.js:47:11)
    at EventEmitter.emit (events.js:95:17)
    at processImmediate [as _immediateCallback] (timers.js:336:15)

ReferenceError: cmd is not defined
    at Object.exports.commands.forcerenameto (/Users/Lukas/Desktop/SparkServer/commands.js:917:61)
    at Object.exports.parse (/Users/Lukas/Desktop/SparkServer/command-parser.js:215:31)
    at ChatRoom.chat (/Users/Lukas/Desktop/SparkServer/rooms.js:1495:27)
    at User.chat (/Users/Lukas/Desktop/SparkServer/users.js:1299:9)
    at Object.socketReceive (/Users/Lukas/Desktop/SparkServer/users.js:211:12)
    at EventEmitter.<anonymous> (/Users/Lukas/Desktop/SparkServer/sockets.js:47:11)
    at EventEmitter.emit (events.js:95:17)
    at processImmediate [as _immediateCallback] (timers.js:336:15)

ReferenceError: cmd is not defined
    at Object.exports.commands.forcerenameto (/Users/Lukas/Desktop/SparkServer/commands.js:917:61)
    at Object.exports.parse (/Users/Lukas/Desktop/SparkServer/command-parser.js:215:31)
    at ChatRoom.chat (/Users/Lukas/Desktop/SparkServer/rooms.js:1495:27)
    at User.chat (/Users/Lukas/Desktop/SparkServer/users.js:1299:9)
    at Object.socketReceive (/Users/Lukas/Desktop/SparkServer/users.js:211:12)
    at EventEmitter.<anonymous> (/Users/Lukas/Desktop/SparkServer/sockets.js:47:11)
    at EventEmitter.emit (events.js:95:17)
    at processImmediate [as _immediateCallback] (timers.js:336:15)

ReferenceError: toUserid is not defined
    at Object.exports.commands.forcerenameto (/Users/Lukas/Desktop/SparkServer/commands.js:928:43)
    at Object.exports.parse (/Users/Lukas/Desktop/SparkServer/command-parser.js:215:31)
    at ChatRoom.chat (/Users/Lukas/Desktop/SparkServer/rooms.js:1495:27)
    at User.chat (/Users/Lukas/Desktop/SparkServer/users.js:1299:9)
    at Object.socketReceive (/Users/Lukas/Desktop/SparkServer/users.js:211:12)
    at EventEmitter.<anonymous> (/Users/Lukas/Desktop/SparkServer/sockets.js:47:11)
    at EventEmitter.emit (events.js:95:17)
    at processImmediate [as _immediateCallback] (timers.js:336:15)

ReferenceError: toUserid is not defined
    at Object.exports.commands.forcerenameto (/Users/Lukas/Desktop/SparkServer/commands.js:928:43)
    at Object.exports.parse (/Users/Lukas/Desktop/SparkServer/command-parser.js:215:31)
    at ChatRoom.chat (/Users/Lukas/Desktop/SparkServer/rooms.js:1495:27)
    at User.chat (/Users/Lukas/Desktop/SparkServer/users.js:1299:9)
    at Object.socketReceive (/Users/Lukas/Desktop/SparkServer/users.js:211:12)
    at EventEmitter.<anonymous> (/Users/Lukas/Desktop/SparkServer/sockets.js:47:11)
    at EventEmitter.emit (events.js:95:17)
    at processImmediate [as _immediateCallback] (timers.js:336:15)

ReferenceError: toUserid is not defined
    at Object.exports.commands.forcerenameto (/Users/Lukas/Desktop/SparkServer/commands.js:928:43)
    at Object.exports.parse (/Users/Lukas/Desktop/SparkServer/command-parser.js:215:31)
    at ChatRoom.chat (/Users/Lukas/Desktop/SparkServer/rooms.js:1495:27)
    at User.chat (/Users/Lukas/Desktop/SparkServer/users.js:1299:9)
    at Object.socketReceive (/Users/Lukas/Desktop/SparkServer/users.js:211:12)
    at EventEmitter.<anonymous> (/Users/Lukas/Desktop/SparkServer/sockets.js:47:11)
    at EventEmitter.emit (events.js:95:17)
    at processImmediate [as _immediateCallback] (timers.js:336:15)

TypeError: Object #<Tools> has no method 'escapeHTML'
    at Object.exports.commands.modchat (/Users/Lukas/Desktop/SparkServer/commands.js:833:24)
    at Object.exports.parse (/Users/Lukas/Desktop/SparkServer/command-parser.js:215:31)
    at BattleRoom.chat (/Users/Lukas/Desktop/SparkServer/rooms.js:1134:27)
    at User.chat (/Users/Lukas/Desktop/SparkServer/users.js:1299:9)
    at Object.socketReceive (/Users/Lukas/Desktop/SparkServer/users.js:211:12)
    at EventEmitter.<anonymous> (/Users/Lukas/Desktop/SparkServer/sockets.js:47:11)
    at EventEmitter.emit (events.js:95:17)
    at processImmediate [as _immediateCallback] (timers.js:336:15)

TypeError: Object #<Tools> has no method 'escapeHTML'
    at Object.exports.commands.modchat (/Users/Lukas/Desktop/SparkServer/commands.js:833:24)
    at Object.exports.parse (/Users/Lukas/Desktop/SparkServer/command-parser.js:215:31)
    at BattleRoom.chat (/Users/Lukas/Desktop/SparkServer/rooms.js:1134:27)
    at User.chat (/Users/Lukas/Desktop/SparkServer/users.js:1299:9)
    at Object.socketReceive (/Users/Lukas/Desktop/SparkServer/users.js:211:12)
    at EventEmitter.<anonymous> (/Users/Lukas/Desktop/SparkServer/sockets.js:47:11)
    at EventEmitter.emit (events.js:95:17)
    at processImmediate [as _immediateCallback] (timers.js:336:15)
